// Jest Snapshot v1, https://goo.gl/fbAQLP

exports[`ListOfCities should render correctly 1`] = `
<li
  className="listingItem ml-0"
  key="1"
  onClick={[Function]}
>
  <div
    className="d-flex pb-3"
  >
    <span
      className="badge bg-primary mr-3 mt-2 iconDisplay"
    >
      City
    </span>
    <div
      className="details"
    >
      <p
        className="m-0"
      >
        mockName
      </p>
      <p
        className="m-0"
      >
        mockCity, mockRegion, mockCountry
      </p>
    </div>
  </div>
</li>
`;

exports[`ListOfCities should render correctly when keyFields is not docs 1`] = `""`;
